-3.7929 -3.77952
-3.80781 -3.81057
-3.81506 -3.81813
-3.79303 -3.77989
-3.8151 -3.81841
-3.80827 -3.80685
