100     0.08925    0.01805    0.02123    0.00551      0.04530      0.07175      0.00798      0.04446      0.10015      
