-2.01927 -2.0491 -2.1938 0.0181048 -0.0101274 -0.0419327 -3.98369 -3.97718 -3.98223 -0.000158902 -0.00236025 0.000117162
2.28322 2.17892 2.22589 -0.00792591 -0.000616559 0.0122445 2.53124 2.53538 2.53443 -0.000907072 -0.000914256 0.00045762
-0.0514417 -0.0961626 -0.0972076 0.0175998 0.0200396 -0.0265807 -0.447021 -0.450694 -0.463827 0.000199476 -0.000588172 -0.000960593
-2.04788 -2.05774 -2.11136 -0.00197055 0.00140122 -0.0122777 -3.9935 -3.99237 -3.99241 0.000178646 -0.000128472 0.000207473
-0.0988359 -0.106243 -0.108681 0.0287141 0.0250371 -0.00842259 -0.458923 -0.463201 -0.466783 -0.00031921 -4.8019e-05 -0.000272546
-1.46467 -1.50656 -1.49057 0.0215717 0.0142262 -0.00349575 -2.56177 -2.56028 -2.5634 -0.00028205 -0.000313563 9.8432e-05
