-0.239686 -0.243226 -0.260402 0.00214902 -0.00120211 -0.00497737 -0.47286 -0.472087 -0.472687 -1.88615e-05 -0.000280159 1.3907e-05
0.216991 0.207078 0.211542 -0.000753255 -5.8596e-05 0.00116369 0.240562 0.240955 0.240865 -8.62054e-05 -8.68882e-05 4.34908e-05
-0.00527465 -0.00986018 -0.00996733 0.00180462 0.00205479 -0.0027255 -0.045836 -0.0462126 -0.0475592 2.04536e-05 -6.03092e-05 -9.84959e-05
-0.243081 -0.244252 -0.250617 -0.000233902 0.000166324 -0.00145735 -0.474024 -0.47389 -0.473895 2.12051e-05 -1.52495e-05 2.46268e-05
-0.0101343 -0.0108938 -0.0111438 0.00294425 0.00256722 -0.000863623 -0.0470564 -0.0474951 -0.0478623 -3.27307e-05 -4.92371e-06 -2.79459e-05
-0.161729 -0.166355 -0.16459 0.00238196 0.00157087 -0.000386003 -0.282872 -0.282708 -0.283053 -3.11442e-05 -3.46238e-05 1.08689e-05
